// Jest Snapshot v1, https://goo.gl/fbAQLP

exports[`It should render correctly 1`] = `
Object {
  "asFragment": [Function],
  "baseElement": <body>
    <div>
      <section
        class="calculator flex"
      >
        <div
          class="flex-column math-kid"
        >
          <div
            class="do-math"
          >
            Let's do some math!
          </div>
          <div>
            <img
              alt="math kid"
              src="https://th.bing.com/th/id/R.83950bc183d94ac68ff6e551a33f9dc2?rik=T1%2fhBDTPGZTTrg&riu=http%3a%2f%2fwww.scasd.org%2fcms%2flib5%2fPA01000006%2fCentricity%2fDomain%2f935%2fj0395714.gif&ehk=3PcQgIDiHi5f3%2fcf6q%2bYhR%2bH8FUQWkbMrzAo1dCkivE%3d&risl=&pid=ImgRaw&r=0"
            />
          </div>
        </div>
        <div
          class="container"
        >
          <div
            class="display"
          >
            0
          </div>
          <button
            class="lighter"
            type="button"
            value="AC"
          >
            AC
          </button>
          <button
            class="lighter"
            type="button"
            value="+/-"
          >
            +/-
          </button>
          <button
            class="lighter"
            type="button"
            value="%"
          >
            %
          </button>
          <button
            class="orange"
            type="button"
            value="รท"
          >
            รท
          </button>
          <button
            class="lighter"
            type="button"
            value="7"
          >
            7
          </button>
          <button
            class="lighter"
            type="button"
            value="8"
          >
            8
          </button>
          <button
            class="lighter"
            type="button"
            value="9"
          >
            9
          </button>
          <button
            class="orange"
            type="button"
            value="x"
          >
            x
          </button>
          <button
            class="lighter"
            type="button"
            value="4"
          >
            4
          </button>
          <button
            class="lighter"
            type="button"
            value="5"
          >
            5
          </button>
          <button
            class="lighter"
            type="button"
            value="6"
          >
            6
          </button>
          <button
            class="orange"
            type="button"
            value="-"
          >
            -
          </button>
          <button
            class="lighter"
            type="button"
            value="1"
          >
            1
          </button>
          <button
            class="lighter"
            type="button"
            value="2"
          >
            2
          </button>
          <button
            class="lighter"
            type="button"
            value="3"
          >
            3
          </button>
          <button
            class="orange"
            type="button"
            value="+"
          >
            +
          </button>
          <button
            class="lighter zero-btn"
            type="button"
            value="0"
          >
            0
          </button>
          <button
            class="lighter"
            type="button"
            value="."
          >
            .
          </button>
          <button
            class="orange"
            type="button"
            value="="
          >
            =
          </button>
        </div>
      </section>
    </div>
  </body>,
  "container": <div>
    <section
      class="calculator flex"
    >
      <div
        class="flex-column math-kid"
      >
        <div
          class="do-math"
        >
          Let's do some math!
        </div>
        <div>
          <img
            alt="math kid"
            src="https://th.bing.com/th/id/R.83950bc183d94ac68ff6e551a33f9dc2?rik=T1%2fhBDTPGZTTrg&riu=http%3a%2f%2fwww.scasd.org%2fcms%2flib5%2fPA01000006%2fCentricity%2fDomain%2f935%2fj0395714.gif&ehk=3PcQgIDiHi5f3%2fcf6q%2bYhR%2bH8FUQWkbMrzAo1dCkivE%3d&risl=&pid=ImgRaw&r=0"
          />
        </div>
      </div>
      <div
        class="container"
      >
        <div
          class="display"
        >
          0
        </div>
        <button
          class="lighter"
          type="button"
          value="AC"
        >
          AC
        </button>
        <button
          class="lighter"
          type="button"
          value="+/-"
        >
          +/-
        </button>
        <button
          class="lighter"
          type="button"
          value="%"
        >
          %
        </button>
        <button
          class="orange"
          type="button"
          value="รท"
        >
          รท
        </button>
        <button
          class="lighter"
          type="button"
          value="7"
        >
          7
        </button>
        <button
          class="lighter"
          type="button"
          value="8"
        >
          8
        </button>
        <button
          class="lighter"
          type="button"
          value="9"
        >
          9
        </button>
        <button
          class="orange"
          type="button"
          value="x"
        >
          x
        </button>
        <button
          class="lighter"
          type="button"
          value="4"
        >
          4
        </button>
        <button
          class="lighter"
          type="button"
          value="5"
        >
          5
        </button>
        <button
          class="lighter"
          type="button"
          value="6"
        >
          6
        </button>
        <button
          class="orange"
          type="button"
          value="-"
        >
          -
        </button>
        <button
          class="lighter"
          type="button"
          value="1"
        >
          1
        </button>
        <button
          class="lighter"
          type="button"
          value="2"
        >
          2
        </button>
        <button
          class="lighter"
          type="button"
          value="3"
        >
          3
        </button>
        <button
          class="orange"
          type="button"
          value="+"
        >
          +
        </button>
        <button
          class="lighter zero-btn"
          type="button"
          value="0"
        >
          0
        </button>
        <button
          class="lighter"
          type="button"
          value="."
        >
          .
        </button>
        <button
          class="orange"
          type="button"
          value="="
        >
          =
        </button>
      </div>
    </section>
  </div>,
  "debug": [Function],
  "findAllByAltText": [Function],
  "findAllByDisplayValue": [Function],
  "findAllByLabelText": [Function],
  "findAllByPlaceholderText": [Function],
  "findAllByRole": [Function],
  "findAllByTestId": [Function],
  "findAllByText": [Function],
  "findAllByTitle": [Function],
  "findByAltText": [Function],
  "findByDisplayValue": [Function],
  "findByLabelText": [Function],
  "findByPlaceholderText": [Function],
  "findByRole": [Function],
  "findByTestId": [Function],
  "findByText": [Function],
  "findByTitle": [Function],
  "getAllByAltText": [Function],
  "getAllByDisplayValue": [Function],
  "getAllByLabelText": [Function],
  "getAllByPlaceholderText": [Function],
  "getAllByRole": [Function],
  "getAllByTestId": [Function],
  "getAllByText": [Function],
  "getAllByTitle": [Function],
  "getByAltText": [Function],
  "getByDisplayValue": [Function],
  "getByLabelText": [Function],
  "getByPlaceholderText": [Function],
  "getByRole": [Function],
  "getByTestId": [Function],
  "getByText": [Function],
  "getByTitle": [Function],
  "queryAllByAltText": [Function],
  "queryAllByDisplayValue": [Function],
  "queryAllByLabelText": [Function],
  "queryAllByPlaceholderText": [Function],
  "queryAllByRole": [Function],
  "queryAllByTestId": [Function],
  "queryAllByText": [Function],
  "queryAllByTitle": [Function],
  "queryByAltText": [Function],
  "queryByDisplayValue": [Function],
  "queryByLabelText": [Function],
  "queryByPlaceholderText": [Function],
  "queryByRole": [Function],
  "queryByTestId": [Function],
  "queryByText": [Function],
  "queryByTitle": [Function],
  "rerender": [Function],
  "unmount": [Function],
}
`;
