// Jest Snapshot v1, https://goo.gl/fbAQLP

exports[`It should render correctly 1`] = `
Object {
  "asFragment": [Function],
  "baseElement": <body>
    <div>
      <div
        class="flex-column-start"
      >
        <div
          class="content p-5"
        >
          <div
            class="sub-title"
          >
            <h3>
              Welcome to our page!
            </h3>
          </div>
          <div
            class="first-paragraph"
          >
            Lorem ipsum dolor sit amet consectetur, adipisicing elit. Voluptate laudantium ullam et libero, ex, sed neque sunt voluptas, excepturi eaque tempore! Recusandae blanditiis quibusdam suscipit perferendis natus totam id numquam.
          </div>
          <br />
          <div
            class="second-pareagraph"
          >
            Lorem ipsum, dolor sit amet consectetur adipisicing elit. Similique pariatur neque ullam voluptatum culpa? Illum consequuntur odit quam velit rem perferendis autem, labore vero ipsa beatae numquam officiis quasi. Praesentium. Fuga expedita consequuntur doloribus autem temporibus architecto, saepe natus sint et distinctio facilis, quam deleniti dignissimos minus culpa totam!
          </div>
        </div>
      </div>
    </div>
  </body>,
  "container": <div>
    <div
      class="flex-column-start"
    >
      <div
        class="content p-5"
      >
        <div
          class="sub-title"
        >
          <h3>
            Welcome to our page!
          </h3>
        </div>
        <div
          class="first-paragraph"
        >
          Lorem ipsum dolor sit amet consectetur, adipisicing elit. Voluptate laudantium ullam et libero, ex, sed neque sunt voluptas, excepturi eaque tempore! Recusandae blanditiis quibusdam suscipit perferendis natus totam id numquam.
        </div>
        <br />
        <div
          class="second-pareagraph"
        >
          Lorem ipsum, dolor sit amet consectetur adipisicing elit. Similique pariatur neque ullam voluptatum culpa? Illum consequuntur odit quam velit rem perferendis autem, labore vero ipsa beatae numquam officiis quasi. Praesentium. Fuga expedita consequuntur doloribus autem temporibus architecto, saepe natus sint et distinctio facilis, quam deleniti dignissimos minus culpa totam!
        </div>
      </div>
    </div>
  </div>,
  "debug": [Function],
  "findAllByAltText": [Function],
  "findAllByDisplayValue": [Function],
  "findAllByLabelText": [Function],
  "findAllByPlaceholderText": [Function],
  "findAllByRole": [Function],
  "findAllByTestId": [Function],
  "findAllByText": [Function],
  "findAllByTitle": [Function],
  "findByAltText": [Function],
  "findByDisplayValue": [Function],
  "findByLabelText": [Function],
  "findByPlaceholderText": [Function],
  "findByRole": [Function],
  "findByTestId": [Function],
  "findByText": [Function],
  "findByTitle": [Function],
  "getAllByAltText": [Function],
  "getAllByDisplayValue": [Function],
  "getAllByLabelText": [Function],
  "getAllByPlaceholderText": [Function],
  "getAllByRole": [Function],
  "getAllByTestId": [Function],
  "getAllByText": [Function],
  "getAllByTitle": [Function],
  "getByAltText": [Function],
  "getByDisplayValue": [Function],
  "getByLabelText": [Function],
  "getByPlaceholderText": [Function],
  "getByRole": [Function],
  "getByTestId": [Function],
  "getByText": [Function],
  "getByTitle": [Function],
  "queryAllByAltText": [Function],
  "queryAllByDisplayValue": [Function],
  "queryAllByLabelText": [Function],
  "queryAllByPlaceholderText": [Function],
  "queryAllByRole": [Function],
  "queryAllByTestId": [Function],
  "queryAllByText": [Function],
  "queryAllByTitle": [Function],
  "queryByAltText": [Function],
  "queryByDisplayValue": [Function],
  "queryByLabelText": [Function],
  "queryByPlaceholderText": [Function],
  "queryByRole": [Function],
  "queryByTestId": [Function],
  "queryByText": [Function],
  "queryByTitle": [Function],
  "rerender": [Function],
  "unmount": [Function],
}
`;
