// Jest Snapshot v1, https://goo.gl/fbAQLP

exports[`It should render correctly 1`] = `
Object {
  "asFragment": [Function],
  "baseElement": <body>
    <div>
      <nav>
        <div
          class="container flex-spaced"
        >
          <div
            class="title"
          >
            <h1>
              Math Magicians
            </h1>
          </div>
          <div
            class="menu flex gap-1"
          >
            <a
              class="link"
              href="/"
              name="home"
            >
              <div
                class="Home ptr"
              >
                Home
              </div>
            </a>
            |
            <a
              class="link"
              href="/Calculator"
              name="calculator"
            >
              <div
                class="calc ptr"
              >
                Calculator
              </div>
            </a>
            |
            <a
              class="link"
              href="/Quotes"
              name="quotes"
            >
              <div
                class="Quote ptr"
              >
                Quote
              </div>
            </a>
          </div>
        </div>
      </nav>
    </div>
  </body>,
  "container": <div>
    <nav>
      <div
        class="container flex-spaced"
      >
        <div
          class="title"
        >
          <h1>
            Math Magicians
          </h1>
        </div>
        <div
          class="menu flex gap-1"
        >
          <a
            class="link"
            href="/"
            name="home"
          >
            <div
              class="Home ptr"
            >
              Home
            </div>
          </a>
          |
          <a
            class="link"
            href="/Calculator"
            name="calculator"
          >
            <div
              class="calc ptr"
            >
              Calculator
            </div>
          </a>
          |
          <a
            class="link"
            href="/Quotes"
            name="quotes"
          >
            <div
              class="Quote ptr"
            >
              Quote
            </div>
          </a>
        </div>
      </div>
    </nav>
  </div>,
  "debug": [Function],
  "findAllByAltText": [Function],
  "findAllByDisplayValue": [Function],
  "findAllByLabelText": [Function],
  "findAllByPlaceholderText": [Function],
  "findAllByRole": [Function],
  "findAllByTestId": [Function],
  "findAllByText": [Function],
  "findAllByTitle": [Function],
  "findByAltText": [Function],
  "findByDisplayValue": [Function],
  "findByLabelText": [Function],
  "findByPlaceholderText": [Function],
  "findByRole": [Function],
  "findByTestId": [Function],
  "findByText": [Function],
  "findByTitle": [Function],
  "getAllByAltText": [Function],
  "getAllByDisplayValue": [Function],
  "getAllByLabelText": [Function],
  "getAllByPlaceholderText": [Function],
  "getAllByRole": [Function],
  "getAllByTestId": [Function],
  "getAllByText": [Function],
  "getAllByTitle": [Function],
  "getByAltText": [Function],
  "getByDisplayValue": [Function],
  "getByLabelText": [Function],
  "getByPlaceholderText": [Function],
  "getByRole": [Function],
  "getByTestId": [Function],
  "getByText": [Function],
  "getByTitle": [Function],
  "queryAllByAltText": [Function],
  "queryAllByDisplayValue": [Function],
  "queryAllByLabelText": [Function],
  "queryAllByPlaceholderText": [Function],
  "queryAllByRole": [Function],
  "queryAllByTestId": [Function],
  "queryAllByText": [Function],
  "queryAllByTitle": [Function],
  "queryByAltText": [Function],
  "queryByDisplayValue": [Function],
  "queryByLabelText": [Function],
  "queryByPlaceholderText": [Function],
  "queryByRole": [Function],
  "queryByTestId": [Function],
  "queryByText": [Function],
  "queryByTitle": [Function],
  "rerender": [Function],
  "unmount": [Function],
}
`;
